// Jest Snapshot v1, https://goo.gl/fbAQLP

exports[`Snapshot DateSelector 1`] = `
<DocumentFragment>
  <div
    class="MuiBox-root css-19iv8nx"
  >
    <div
      class="MuiBox-root css-dvxtzn"
    >
      <p>
        Start-Date
      </p>
      <div
        class="react-date-picker react-date-picker--closed react-date-picker--enabled datePicker"
      >
        <div
          class="react-date-picker__wrapper"
        >
          <div
            class="react-date-picker__inputGroup"
          >
            <input
              hidden=""
              max="275760-09-13"
              min="0001-01-01"
              name="date"
              style="visibility: hidden; position: absolute; z-index: -999;"
              type="date"
              value="2024-04-17"
            />
            <input
              autocomplete="off"
              class="react-date-picker__inputGroup__input react-date-picker__inputGroup__day"
              data-input="true"
              inputmode="numeric"
              max="30"
              min="1"
              name="day"
              type="number"
              value="17"
            />
            <span
              class="react-date-picker__inputGroup__divider"
            >
              .
            </span>
            <span
              class="react-date-picker__inputGroup__leadingZero"
            >
              0
            </span>
            <input
              autocomplete="off"
              class="react-date-picker__inputGroup__input react-date-picker__inputGroup__month react-date-picker__inputGroup__input--hasLeadingZero"
              data-input="true"
              inputmode="numeric"
              max="12"
              min="1"
              name="month"
              type="number"
              value="4"
            />
            <span
              class="react-date-picker__inputGroup__divider"
            >
              .
            </span>
            <input
              autocomplete="off"
              class="react-date-picker__inputGroup__input react-date-picker__inputGroup__year"
              data-input="true"
              inputmode="numeric"
              max="275760"
              min="1"
              name="year"
              step="1"
              type="number"
              value="2024"
            />
          </div>
        </div>
      </div>
    </div>
    <div
      class="MuiBox-root css-dvxtzn"
    >
      <p>
        End-Date
      </p>
      <div
        class="react-date-picker react-date-picker--closed react-date-picker--enabled datePicker"
      >
        <div
          class="react-date-picker__wrapper"
        >
          <div
            class="react-date-picker__inputGroup"
          >
            <input
              hidden=""
              max="275760-09-13"
              min="0001-01-01"
              name="date"
              style="visibility: hidden; position: absolute; z-index: -999;"
              type="date"
              value="2024-04-17"
            />
            <input
              autocomplete="off"
              class="react-date-picker__inputGroup__input react-date-picker__inputGroup__day"
              data-input="true"
              inputmode="numeric"
              max="30"
              min="1"
              name="day"
              type="number"
              value="17"
            />
            <span
              class="react-date-picker__inputGroup__divider"
            >
              .
            </span>
            <span
              class="react-date-picker__inputGroup__leadingZero"
            >
              0
            </span>
            <input
              autocomplete="off"
              class="react-date-picker__inputGroup__input react-date-picker__inputGroup__month react-date-picker__inputGroup__input--hasLeadingZero"
              data-input="true"
              inputmode="numeric"
              max="12"
              min="1"
              name="month"
              type="number"
              value="4"
            />
            <span
              class="react-date-picker__inputGroup__divider"
            >
              .
            </span>
            <input
              autocomplete="off"
              class="react-date-picker__inputGroup__input react-date-picker__inputGroup__year"
              data-input="true"
              inputmode="numeric"
              max="275760"
              min="1"
              name="year"
              step="1"
              type="number"
              value="2024"
            />
          </div>
        </div>
      </div>
    </div>
    <div
      class="MuiBox-root css-t3kwy6"
    >
      <p
        class="MuiTypography-root MuiTypography-body1 css-ahj2mt-MuiTypography-root"
      >
        10 days
      </p>
    </div>
    <div
      class="MuiBox-root css-drtte9"
    >
      <svg
        style="width: 50px; height: 50px; margin: -10px; cursor: pointer; fill: black;"
      >
        back.svg
      </svg>
      <svg
        style="width: 50px; height: 50px; margin: -10px; cursor: pointer; fill: black;"
      >
        forward.svg
      </svg>
       
    </div>
  </div>
</DocumentFragment>
`;
