// Jest Snapshot v1, https://goo.gl/fbAQLP

exports[`Snapshot Days 1`] = `
<DocumentFragment>
  <div
    class="MuiBox-root css-1m16q6q"
  >
    <div
      class="MuiBox-root css-1w9yb67"
    >
      <p
        class="MuiTypography-root MuiTypography-body1 css-13ttcfy-MuiTypography-root"
      >
        Template
      </p>
    </div>
  </div>
</DocumentFragment>
`;
