// Jest Snapshot v1, https://goo.gl/fbAQLP

exports[`Snapshot CustomDialog 1`] = `<DocumentFragment />`;
